// Jest Snapshot v1, https://goo.gl/fbAQLP

exports[`components/Button matches shapshot 1`] = `
<button
  className="Button"
  disabled={false}
  onClick={
    [MockFunction] {
      "calls": Array [
        Array [],
      ],
    }
  }
>
  Click me
</button>
`;
